exports[`createDuotoneImage should return a processed image 1`] = `null`;
